TypeError unification failed: string != i32 at main[L0:0-L0:19]

0 | let a: i32 = "foo";
