{"items":[{"kind":"field","detail":"i32","label":"c"},{"kind":"field","detail":"string","label":"d"},{"kind":"field","detail":"i32","label":"a"},{"kind":"field","detail":"i32","label":"b"}]}
