[{"end":[1,19],"message":"unification failed: string != i32","start":[1,11]}]
